[INFO] Scanning for projects...
[INFO] 
[INFO] ------------------------< com.styleora:backend >------------------------
[INFO] Building  0.0.1-SNAPSHOT
[INFO]   from pom.xml
[INFO] --------------------------------[ jar ]---------------------------------
[INFO] 
[INFO] >>> spring-boot:4.0.5:run (default-cli) > test-compile @ backend >>>
[INFO] 
[INFO] --- resources:3.3.1:resources (default-resources) @ backend ---
[INFO] Copying 1 resource from src\main\resources to target\classes
[INFO] Copying 0 resource from src\main\resources to target\classes
[INFO] 
[INFO] --- compiler:3.14.1:compile (default-compile) @ backend ---
[INFO] Nothing to compile - all classes are up to date.
[INFO] 
[INFO] --- resources:3.3.1:testResources (default-testResources) @ backend ---
[INFO] skip non existing resourceDirectory F:\MyProjectttttt\backend\src\test\resources
[INFO] 
[INFO] --- compiler:3.14.1:testCompile (default-testCompile) @ backend ---
[INFO] Nothing to compile - all classes are up to date.
[INFO] 
[INFO] <<< spring-boot:4.0.5:run (default-cli) < test-compile @ backend <<<
[INFO] 
[INFO] 
[INFO] --- spring-boot:4.0.5:run (default-cli) @ backend ---
[INFO] Attaching agents: []

  .   ____          _            __ _ _
 /\\ / ___'_ __ _ _(_)_ __  __ _ \ \ \ \
( ( )\___ | '_ | '_| | '_ \/ _` | \ \ \ \
 \\/  ___)| |_)| | | | | || (_| |  ) ) ) )
  '  |____| .__|_| |_|_| |_\__, | / / / /
 =========|_|==============|___/=/_/_/_/

 :: Spring Boot ::                (v4.0.5)

2026-04-24T19:36:25.208+06:00  INFO 15076 --- [           main] com.styleora.BackendApplication          : Starting BackendApplication using Java 17.0.18 with PID 15076 (F:\MyProjectttttt\backend\target\classes started by USER in F:\MyProjectttttt\backend)
2026-04-24T19:36:25.216+06:00  INFO 15076 --- [           main] com.styleora.BackendApplication          : No active profile set, falling back to 1 default profile: "default"
2026-04-24T19:36:25.808+06:00  INFO 15076 --- [           main] .s.d.r.c.RepositoryConfigurationDelegate : Bootstrapping Spring Data JPA repositories in DEFAULT mode.
2026-04-24T19:36:25.824+06:00  INFO 15076 --- [           main] .s.d.r.c.RepositoryConfigurationDelegate : Finished Spring Data repository scanning in 10 ms. Found 0 JPA repository interfaces.
2026-04-24T19:36:26.253+06:00  INFO 15076 --- [           main] o.s.boot.tomcat.TomcatWebServer          : Tomcat initialized with port 8080 (http)
2026-04-24T19:36:26.268+06:00  INFO 15076 --- [           main] o.apache.catalina.core.StandardService   : Starting service [Tomcat]
2026-04-24T19:36:26.268+06:00  INFO 15076 --- [           main] o.apache.catalina.core.StandardEngine    : Starting Servlet engine: [Apache Tomcat/11.0.20]
2026-04-24T19:36:26.316+06:00  INFO 15076 --- [           main] b.w.c.s.WebApplicationContextInitializer : Root WebApplicationContext: initialization completed in 1049 ms
2026-04-24T19:36:26.478+06:00  INFO 15076 --- [           main] org.hibernate.orm.jpa                    : HHH008540: Processing PersistenceUnitInfo [name: default]
2026-04-24T19:36:26.506+06:00  INFO 15076 --- [           main] org.hibernate.orm.core                   : HHH000001: Hibernate ORM core version 7.2.7.Final
2026-04-24T19:36:26.839+06:00  INFO 15076 --- [           main] o.s.o.j.p.SpringPersistenceUnitInfo      : No LoadTimeWeaver setup: ignoring JPA class transformer
2026-04-24T19:36:26.862+06:00  INFO 15076 --- [           main] com.zaxxer.hikari.HikariDataSource       : HikariPool-1 - Starting...
2026-04-24T19:36:27.124+06:00  INFO 15076 --- [           main] com.zaxxer.hikari.pool.HikariPool        : HikariPool-1 - Added connection com.mysql.cj.jdbc.ConnectionImpl@55881f40
2026-04-24T19:36:27.124+06:00  INFO 15076 --- [           main] com.zaxxer.hikari.HikariDataSource       : HikariPool-1 - Start completed.
2026-04-24T19:36:27.156+06:00  WARN 15076 --- [           main] org.hibernate.orm.deprecation            : HHH90000025: MySQLDialect does not need to be specified explicitly using 'hibernate.dialect' (remove the property setting and it will be selected by default)
2026-04-24T19:36:27.182+06:00  INFO 15076 --- [           main] org.hibernate.orm.connections.pooling    : HHH10001005: Database info:
	Database JDBC URL [jdbc:mysql://localhost:3306/orabackend]
	Database driver: MySQL Connector/J
	Database dialect: MySQLDialect
	Database version: 8.0.45
	Default catalog/schema: orabackend/undefined
	Autocommit mode: undefined/unknown
	Isolation level: REPEATABLE_READ [default REPEATABLE_READ]
	JDBC fetch size: none
	Pool: DataSourceConnectionProvider
	Minimum pool size: undefined/unknown
	Maximum pool size: undefined/unknown
2026-04-24T19:36:28.097+06:00  INFO 15076 --- [           main] org.hibernate.orm.core                   : HHH000489: No JTA platform available (set 'hibernate.transaction.jta.platform' to enable JTA platform integration)
2026-04-24T19:36:28.191+06:00  INFO 15076 --- [           main] j.LocalContainerEntityManagerFactoryBean : Initialized JPA EntityManagerFactory for persistence unit 'default'
2026-04-24T19:36:28.372+06:00  WARN 15076 --- [           main] JpaBaseConfiguration$JpaWebConfiguration : spring.jpa.open-in-view is enabled by default. Therefore, database queries may be performed during view rendering. Explicitly configure spring.jpa.open-in-view to disable this warning
2026-04-24T19:36:28.652+06:00  INFO 15076 --- [           main] o.s.boot.tomcat.TomcatWebServer          : Tomcat started on port 8080 (http) with context path '/'
2026-04-24T19:36:28.661+06:00  INFO 15076 --- [           main] com.styleora.BackendApplication          : Started BackendApplication in 3.806 seconds (process running for 4.144)
2026-04-24T19:37:04.462+06:00  INFO 15076 --- [nio-8080-exec-3] o.a.c.c.C.[Tomcat].[localhost].[/]       : Initializing Spring DispatcherServlet 'dispatcherServlet'
2026-04-24T19:37:04.462+06:00  INFO 15076 --- [nio-8080-exec-3] o.s.web.servlet.DispatcherServlet        : Initializing Servlet 'dispatcherServlet'
2026-04-24T19:37:04.462+06:00  INFO 15076 --- [nio-8080-exec-3] o.s.web.servlet.DispatcherServlet        : Completed initialization in 0 ms
Hibernate: insert into coupons (coupon_code,created_at,description,discount_type,discount_value,end_date,minimum_order_amount,start_date,status,updated_at,usage_limit,used_count) values (?,?,?,?,?,?,?,?,?,?,?,?)
Hibernate: select c1_0.id,c1_0.coupon_code,c1_0.created_at,c1_0.description,c1_0.discount_type,c1_0.discount_value,c1_0.end_date,c1_0.minimum_order_amount,c1_0.start_date,c1_0.status,c1_0.updated_at,c1_0.usage_limit,c1_0.used_count from coupons c1_0 order by c1_0.id desc
Hibernate: select c1_0.id,c1_0.coupon_code,c1_0.created_at,c1_0.description,c1_0.discount_type,c1_0.discount_value,c1_0.end_date,c1_0.minimum_order_amount,c1_0.start_date,c1_0.status,c1_0.updated_at,c1_0.usage_limit,c1_0.used_count from coupons c1_0 where c1_0.id=?
Hibernate: update coupons set coupon_code=?,created_at=?,description=?,discount_type=?,discount_value=?,end_date=?,minimum_order_amount=?,start_date=?,status=?,updated_at=?,usage_limit=?,used_count=? where id=?
Hibernate: select c1_0.id,c1_0.coupon_code,c1_0.created_at,c1_0.description,c1_0.discount_type,c1_0.discount_value,c1_0.end_date,c1_0.minimum_order_amount,c1_0.start_date,c1_0.status,c1_0.updated_at,c1_0.usage_limit,c1_0.used_count from coupons c1_0 where c1_0.id=?
Hibernate: delete from coupons where id=?
Hibernate: select c1_0.id,c1_0.coupon_code,c1_0.created_at,c1_0.description,c1_0.discount_type,c1_0.discount_value,c1_0.end_date,c1_0.minimum_order_amount,c1_0.start_date,c1_0.status,c1_0.updated_at,c1_0.usage_limit,c1_0.used_count from coupons c1_0 order by c1_0.id desc
Hibernate: select c1_0.id,c1_0.coupon_code,c1_0.created_at,c1_0.description,c1_0.discount_type,c1_0.discount_value,c1_0.end_date,c1_0.minimum_order_amount,c1_0.start_date,c1_0.status,c1_0.updated_at,c1_0.usage_limit,c1_0.used_count from coupons c1_0 order by c1_0.id desc
Hibernate: select c1_0.id,c1_0.coupon_code,c1_0.created_at,c1_0.description,c1_0.discount_type,c1_0.discount_value,c1_0.end_date,c1_0.minimum_order_amount,c1_0.start_date,c1_0.status,c1_0.updated_at,c1_0.usage_limit,c1_0.used_count from coupons c1_0 order by c1_0.id desc
[INFO] ------------------------------------------------------------------------
[INFO] BUILD FAILURE
[INFO] ------------------------------------------------------------------------
[INFO] Total time:  05:33 min
[INFO] Finished at: 2026-04-24T19:41:55+06:00
[INFO] ------------------------------------------------------------------------
[ERROR] Failed to execute goal org.springframework.boot:spring-boot-maven-plugin:4.0.5:run (default-cli) on project backend: Process terminated with exit code: 1 -> [Help 1]
[ERROR] 
[ERROR] To see the full stack trace of the errors, re-run Maven with the -e switch.
[ERROR] Re-run Maven using the -X switch to enable full debug logging.
[ERROR] 
[ERROR] For more information about the errors and possible solutions, please read the following articles:
[ERROR] [Help 1] http://cwiki.apache.org/confluence/display/MAVEN/MojoExecutionException
