[INFO] Scanning for projects...
[INFO] 
[INFO] ------------------------< com.styleora:backend >------------------------
[INFO] Building  0.0.1-SNAPSHOT
[INFO]   from pom.xml
[INFO] --------------------------------[ jar ]---------------------------------
[INFO] 
[INFO] >>> spring-boot:4.0.5:run (default-cli) > test-compile @ backend >>>
[INFO] 
[INFO] --- resources:3.3.1:resources (default-resources) @ backend ---
[INFO] Copying 1 resource from src\main\resources to target\classes
[INFO] Copying 0 resource from src\main\resources to target\classes
[INFO] 
[INFO] --- compiler:3.14.1:compile (default-compile) @ backend ---
[INFO] Nothing to compile - all classes are up to date.
[INFO] 
[INFO] --- resources:3.3.1:testResources (default-testResources) @ backend ---
[INFO] skip non existing resourceDirectory F:\MyProjectttttt\backend\src\test\resources
[INFO] 
[INFO] --- compiler:3.14.1:testCompile (default-testCompile) @ backend ---
[INFO] Nothing to compile - all classes are up to date.
[INFO] 
[INFO] <<< spring-boot:4.0.5:run (default-cli) < test-compile @ backend <<<
[INFO] 
[INFO] 
[INFO] --- spring-boot:4.0.5:run (default-cli) @ backend ---
[INFO] Attaching agents: []

  .   ____          _            __ _ _
 /\\ / ___'_ __ _ _(_)_ __  __ _ \ \ \ \
( ( )\___ | '_ | '_| | '_ \/ _` | \ \ \ \
 \\/  ___)| |_)| | | | | || (_| |  ) ) ) )
  '  |____| .__|_| |_|_| |_\__, | / / / /
 =========|_|==============|___/=/_/_/_/

 :: Spring Boot ::                (v4.0.5)

2026-04-24T23:07:55.975+06:00  INFO 17240 --- [           main] com.styleora.BackendApplication          : Starting BackendApplication using Java 17.0.18 with PID 17240 (F:\MyProjectttttt\backend\target\classes started by USER in F:\MyProjectttttt\backend)
2026-04-24T23:07:55.975+06:00  INFO 17240 --- [           main] com.styleora.BackendApplication          : No active profile set, falling back to 1 default profile: "default"
2026-04-24T23:07:56.597+06:00  INFO 17240 --- [           main] .s.d.r.c.RepositoryConfigurationDelegate : Bootstrapping Spring Data JPA repositories in DEFAULT mode.
2026-04-24T23:07:56.645+06:00  INFO 17240 --- [           main] .s.d.r.c.RepositoryConfigurationDelegate : Finished Spring Data repository scanning in 31 ms. Found 0 JPA repository interfaces.
2026-04-24T23:07:57.104+06:00  INFO 17240 --- [           main] o.s.boot.tomcat.TomcatWebServer          : Tomcat initialized with port 8080 (http)
2026-04-24T23:07:57.115+06:00  INFO 17240 --- [           main] o.apache.catalina.core.StandardService   : Starting service [Tomcat]
2026-04-24T23:07:57.115+06:00  INFO 17240 --- [           main] o.apache.catalina.core.StandardEngine    : Starting Servlet engine: [Apache Tomcat/11.0.20]
2026-04-24T23:07:57.168+06:00  INFO 17240 --- [           main] b.w.c.s.WebApplicationContextInitializer : Root WebApplicationContext: initialization completed in 1128 ms
2026-04-24T23:07:57.325+06:00  INFO 17240 --- [           main] org.hibernate.orm.jpa                    : HHH008540: Processing PersistenceUnitInfo [name: default]
2026-04-24T23:07:57.357+06:00  INFO 17240 --- [           main] org.hibernate.orm.core                   : HHH000001: Hibernate ORM core version 7.2.7.Final
2026-04-24T23:07:57.687+06:00  INFO 17240 --- [           main] o.s.o.j.p.SpringPersistenceUnitInfo      : No LoadTimeWeaver setup: ignoring JPA class transformer
2026-04-24T23:07:57.721+06:00  INFO 17240 --- [           main] com.zaxxer.hikari.HikariDataSource       : HikariPool-1 - Starting...
2026-04-24T23:07:57.981+06:00  INFO 17240 --- [           main] com.zaxxer.hikari.pool.HikariPool        : HikariPool-1 - Added connection com.mysql.cj.jdbc.ConnectionImpl@55c46ec1
2026-04-24T23:07:57.981+06:00  INFO 17240 --- [           main] com.zaxxer.hikari.HikariDataSource       : HikariPool-1 - Start completed.
2026-04-24T23:07:58.021+06:00  WARN 17240 --- [           main] org.hibernate.orm.deprecation            : HHH90000025: MySQLDialect does not need to be specified explicitly using 'hibernate.dialect' (remove the property setting and it will be selected by default)
2026-04-24T23:07:58.043+06:00  INFO 17240 --- [           main] org.hibernate.orm.connections.pooling    : HHH10001005: Database info:
	Database JDBC URL [jdbc:mysql://localhost:3306/orabackend]
	Database driver: MySQL Connector/J
	Database dialect: MySQLDialect
	Database version: 8.0.45
	Default catalog/schema: orabackend/undefined
	Autocommit mode: undefined/unknown
	Isolation level: REPEATABLE_READ [default REPEATABLE_READ]
	JDBC fetch size: none
	Pool: DataSourceConnectionProvider
	Minimum pool size: undefined/unknown
	Maximum pool size: undefined/unknown
2026-04-24T23:07:59.028+06:00  INFO 17240 --- [           main] org.hibernate.orm.core                   : HHH000489: No JTA platform available (set 'hibernate.transaction.jta.platform' to enable JTA platform integration)
2026-04-24T23:07:59.118+06:00  INFO 17240 --- [           main] j.LocalContainerEntityManagerFactoryBean : Initialized JPA EntityManagerFactory for persistence unit 'default'
2026-04-24T23:07:59.356+06:00  WARN 17240 --- [           main] JpaBaseConfiguration$JpaWebConfiguration : spring.jpa.open-in-view is enabled by default. Therefore, database queries may be performed during view rendering. Explicitly configure spring.jpa.open-in-view to disable this warning
2026-04-24T23:07:59.649+06:00  INFO 17240 --- [           main] o.s.boot.tomcat.TomcatWebServer          : Tomcat started on port 8080 (http) with context path '/'
2026-04-24T23:07:59.649+06:00  INFO 17240 --- [           main] com.styleora.BackendApplication          : Started BackendApplication in 4.082 seconds (process running for 4.446)
2026-04-24T23:08:19.413+06:00  INFO 17240 --- [nio-8080-exec-2] o.a.c.c.C.[Tomcat].[localhost].[/]       : Initializing Spring DispatcherServlet 'dispatcherServlet'
2026-04-24T23:08:19.413+06:00  INFO 17240 --- [nio-8080-exec-2] o.s.web.servlet.DispatcherServlet        : Initializing Servlet 'dispatcherServlet'
2026-04-24T23:08:19.421+06:00  INFO 17240 --- [nio-8080-exec-2] o.s.web.servlet.DispatcherServlet        : Completed initialization in 8 ms
Hibernate: select count(o1_0.id) from orders o1_0 where (? is null or o1_0.created_at>=?)
Hibernate: select coalesce(sum(o1_0.total_amount),0) from orders o1_0 where (? is null or o1_0.created_at>=?)
Hibernate: select count(c1_0.id) from customers c1_0 where (? is null or c1_0.registered_at>=?)
Hibernate: select count(p1_0.id) from products p1_0
Hibernate: select count(p1_0.id) from payments p1_0 where (? is null or p1_0.payment_date>=?)
Hibernate: select count(o1_0.id) from orders o1_0 where lower(coalesce(o1_0.order_status,'')) like '%pending%' escape '' and (? is null or o1_0.created_at>=?)
Hibernate: select count(p1_0.id) from payments p1_0 where lower(coalesce(p1_0.payment_status,'')) like '%pending%' escape '' and (? is null or p1_0.payment_date>=?)
Hibernate: select count(r1_0.id) from reviews r1_0 where lower(coalesce(r1_0.review_status,'pending')) like '%pending%' escape '' and (? is null or r1_0.review_date>=?)
Hibernate: select count(p1_0.id) from products p1_0 where coalesce(p1_0.stock,0)<10
Hibernate: select count(o1_0.id) from orders o1_0 where (? is null or o1_0.created_at>=?)
Hibernate: select coalesce(sum(o1_0.total_amount),0) from orders o1_0 where (? is null or o1_0.created_at>=?)
Hibernate: select count(c1_0.id) from customers c1_0 where (? is null or c1_0.registered_at>=?)
Hibernate: select count(p1_0.id) from products p1_0
Hibernate: select count(p1_0.id) from payments p1_0 where (? is null or p1_0.payment_date>=?)
Hibernate: select count(o1_0.id) from orders o1_0 where lower(coalesce(o1_0.order_status,'')) like '%pending%' escape '' and (? is null or o1_0.created_at>=?)
Hibernate: select count(p1_0.id) from payments p1_0 where lower(coalesce(p1_0.payment_status,'')) like '%pending%' escape '' and (? is null or p1_0.payment_date>=?)
Hibernate: select count(r1_0.id) from reviews r1_0 where lower(coalesce(r1_0.review_status,'pending')) like '%pending%' escape '' and (? is null or r1_0.review_date>=?)
Hibernate: select count(p1_0.id) from products p1_0 where coalesce(p1_0.stock,0)<10
Hibernate: select date_format(o1_0.created_at,'%Y-%m'),coalesce(sum(o1_0.total_amount),0) from orders o1_0 where o1_0.created_at is not null and (? is null or o1_0.created_at>=?) group by date_format(o1_0.created_at,'%Y-%m') order by date_format(o1_0.created_at,'%Y-%m')
Hibernate: select date_format(o1_0.created_at,'%Y-%m'),count(o1_0.id) from orders o1_0 where o1_0.created_at is not null and (? is null or o1_0.created_at>=?) group by date_format(o1_0.created_at,'%Y-%m') order by date_format(o1_0.created_at,'%Y-%m')
Hibernate: select p1_0.id,p1_0.brand,p1_0.category,p1_0.created_at,p1_0.description,p1_0.discount,p1_0.gender,p1_0.image_url,p1_0.name,p1_0.price,p1_0.stock,p1_0.tag,p1_0.tag_number,p1_0.tax,p1_0.updated_at,p1_0.weight from products p1_0 where coalesce(p1_0.stock,0)<10 order by p1_0.stock,p1_0.id desc limit ?
Hibernate: select count(o1_0.id) from orders o1_0 where (? is null or o1_0.created_at>=?)
Hibernate: select coalesce(sum(o1_0.total_amount),0) from orders o1_0 where (? is null or o1_0.created_at>=?)
Hibernate: select count(c1_0.id) from customers c1_0 where (? is null or c1_0.registered_at>=?)
Hibernate: select count(p1_0.id) from products p1_0
Hibernate: select count(p1_0.id) from payments p1_0 where (? is null or p1_0.payment_date>=?)
Hibernate: select count(o1_0.id) from orders o1_0 where lower(coalesce(o1_0.order_status,'')) like '%pending%' escape '' and (? is null or o1_0.created_at>=?)
Hibernate: select count(p1_0.id) from payments p1_0 where lower(coalesce(p1_0.payment_status,'')) like '%pending%' escape '' and (? is null or p1_0.payment_date>=?)
Hibernate: select count(r1_0.id) from reviews r1_0 where lower(coalesce(r1_0.review_status,'pending')) like '%pending%' escape '' and (? is null or r1_0.review_date>=?)
Hibernate: select count(p1_0.id) from products p1_0 where coalesce(p1_0.stock,0)<10
Hibernate: select oi1_0.product_name,coalesce(sum(oi1_0.quantity),0),coalesce(sum(oi1_0.line_total),0) from order_items oi1_0 where oi1_0.product_name is not null and trim(BOTH from oi1_0.product_name)<>'' and (? is null or exists(select o1_0.id from orders o1_0 where o1_0.id=oi1_0.order_id and o1_0.created_at>=?)) group by oi1_0.product_name order by coalesce(sum(oi1_0.quantity),0) desc limit ?
Hibernate: select o1_0.customer_name,count(o1_0.id),coalesce(sum(o1_0.total_amount),0) from orders o1_0 where o1_0.customer_name is not null and trim(BOTH from o1_0.customer_name)<>'' and (? is null or o1_0.created_at>=?) group by o1_0.customer_name order by count(o1_0.id) desc limit ?
[INFO] ------------------------------------------------------------------------
[INFO] BUILD FAILURE
[INFO] ------------------------------------------------------------------------
[INFO] Total time:  01:20 min
[INFO] Finished at: 2026-04-24T23:09:13+06:00
[INFO] ------------------------------------------------------------------------
[ERROR] Failed to execute goal org.springframework.boot:spring-boot-maven-plugin:4.0.5:run (default-cli) on project backend: Process terminated with exit code: -1 -> [Help 1]
[ERROR] 
[ERROR] To see the full stack trace of the errors, re-run Maven with the -e switch.
[ERROR] Re-run Maven using the -X switch to enable full debug logging.
[ERROR] 
[ERROR] For more information about the errors and possible solutions, please read the following articles:
[ERROR] [Help 1] http://cwiki.apache.org/confluence/display/MAVEN/MojoExecutionException
