[INFO] Scanning for projects...
[INFO] 
[INFO] ------------------------< com.styleora:backend >------------------------
[INFO] Building  0.0.1-SNAPSHOT
[INFO]   from pom.xml
[INFO] --------------------------------[ jar ]---------------------------------
[INFO] 
[INFO] >>> spring-boot:4.0.5:run (default-cli) > test-compile @ backend >>>
[INFO] 
[INFO] --- resources:3.3.1:resources (default-resources) @ backend ---
[INFO] Copying 1 resource from src\main\resources to target\classes
[INFO] Copying 0 resource from src\main\resources to target\classes
[INFO] 
[INFO] --- compiler:3.14.1:compile (default-compile) @ backend ---
[INFO] Nothing to compile - all classes are up to date.
[INFO] 
[INFO] --- resources:3.3.1:testResources (default-testResources) @ backend ---
[INFO] skip non existing resourceDirectory F:\MyProjectttttt\backend\src\test\resources
[INFO] 
[INFO] --- compiler:3.14.1:testCompile (default-testCompile) @ backend ---
[INFO] Nothing to compile - all classes are up to date.
[INFO] 
[INFO] <<< spring-boot:4.0.5:run (default-cli) < test-compile @ backend <<<
[INFO] 
[INFO] 
[INFO] --- spring-boot:4.0.5:run (default-cli) @ backend ---
[INFO] Attaching agents: []

  .   ____          _            __ _ _
 /\\ / ___'_ __ _ _(_)_ __  __ _ \ \ \ \
( ( )\___ | '_ | '_| | '_ \/ _` | \ \ \ \
 \\/  ___)| |_)| | | | | || (_| |  ) ) ) )
  '  |____| .__|_| |_|_| |_\__, | / / / /
 =========|_|==============|___/=/_/_/_/

 :: Spring Boot ::                (v4.0.5)

2026-04-24T20:08:20.718+06:00  INFO 3040 --- [           main] com.styleora.BackendApplication          : Starting BackendApplication using Java 17.0.18 with PID 3040 (F:\MyProjectttttt\backend\target\classes started by USER in F:\MyProjectttttt\backend)
2026-04-24T20:08:20.723+06:00  INFO 3040 --- [           main] com.styleora.BackendApplication          : No active profile set, falling back to 1 default profile: "default"
2026-04-24T20:08:21.235+06:00  INFO 3040 --- [           main] .s.d.r.c.RepositoryConfigurationDelegate : Bootstrapping Spring Data JPA repositories in DEFAULT mode.
2026-04-24T20:08:21.251+06:00  INFO 3040 --- [           main] .s.d.r.c.RepositoryConfigurationDelegate : Finished Spring Data repository scanning in 11 ms. Found 0 JPA repository interfaces.
2026-04-24T20:08:21.644+06:00  INFO 3040 --- [           main] o.s.boot.tomcat.TomcatWebServer          : Tomcat initialized with port 8080 (http)
2026-04-24T20:08:21.651+06:00  INFO 3040 --- [           main] o.apache.catalina.core.StandardService   : Starting service [Tomcat]
2026-04-24T20:08:21.651+06:00  INFO 3040 --- [           main] o.apache.catalina.core.StandardEngine    : Starting Servlet engine: [Apache Tomcat/11.0.20]
2026-04-24T20:08:21.685+06:00  INFO 3040 --- [           main] b.w.c.s.WebApplicationContextInitializer : Root WebApplicationContext: initialization completed in 925 ms
2026-04-24T20:08:21.834+06:00  INFO 3040 --- [           main] org.hibernate.orm.jpa                    : HHH008540: Processing PersistenceUnitInfo [name: default]
2026-04-24T20:08:21.867+06:00  INFO 3040 --- [           main] org.hibernate.orm.core                   : HHH000001: Hibernate ORM core version 7.2.7.Final
2026-04-24T20:08:22.167+06:00  INFO 3040 --- [           main] o.s.o.j.p.SpringPersistenceUnitInfo      : No LoadTimeWeaver setup: ignoring JPA class transformer
2026-04-24T20:08:22.185+06:00  INFO 3040 --- [           main] com.zaxxer.hikari.HikariDataSource       : HikariPool-1 - Starting...
2026-04-24T20:08:22.435+06:00  INFO 3040 --- [           main] com.zaxxer.hikari.pool.HikariPool        : HikariPool-1 - Added connection com.mysql.cj.jdbc.ConnectionImpl@47c81e89
2026-04-24T20:08:22.445+06:00  INFO 3040 --- [           main] com.zaxxer.hikari.HikariDataSource       : HikariPool-1 - Start completed.
2026-04-24T20:08:22.488+06:00  WARN 3040 --- [           main] org.hibernate.orm.deprecation            : HHH90000025: MySQLDialect does not need to be specified explicitly using 'hibernate.dialect' (remove the property setting and it will be selected by default)
2026-04-24T20:08:22.500+06:00  INFO 3040 --- [           main] org.hibernate.orm.connections.pooling    : HHH10001005: Database info:
	Database JDBC URL [jdbc:mysql://localhost:3306/orabackend]
	Database driver: MySQL Connector/J
	Database dialect: MySQLDialect
	Database version: 8.0.45
	Default catalog/schema: orabackend/undefined
	Autocommit mode: undefined/unknown
	Isolation level: REPEATABLE_READ [default REPEATABLE_READ]
	JDBC fetch size: none
	Pool: DataSourceConnectionProvider
	Minimum pool size: undefined/unknown
	Maximum pool size: undefined/unknown
2026-04-24T20:08:23.349+06:00  INFO 3040 --- [           main] org.hibernate.orm.core                   : HHH000489: No JTA platform available (set 'hibernate.transaction.jta.platform' to enable JTA platform integration)
2026-04-24T20:08:23.416+06:00  INFO 3040 --- [           main] j.LocalContainerEntityManagerFactoryBean : Initialized JPA EntityManagerFactory for persistence unit 'default'
2026-04-24T20:08:23.584+06:00  WARN 3040 --- [           main] JpaBaseConfiguration$JpaWebConfiguration : spring.jpa.open-in-view is enabled by default. Therefore, database queries may be performed during view rendering. Explicitly configure spring.jpa.open-in-view to disable this warning
2026-04-24T20:08:23.850+06:00  INFO 3040 --- [           main] o.s.boot.tomcat.TomcatWebServer          : Tomcat started on port 8080 (http) with context path '/'
2026-04-24T20:08:23.850+06:00  INFO 3040 --- [           main] com.styleora.BackendApplication          : Started BackendApplication in 3.466 seconds (process running for 3.813)
2026-04-24T20:10:10.013+06:00  INFO 3040 --- [nio-8080-exec-1] o.a.c.c.C.[Tomcat].[localhost].[/]       : Initializing Spring DispatcherServlet 'dispatcherServlet'
2026-04-24T20:10:10.014+06:00  INFO 3040 --- [nio-8080-exec-1] o.s.web.servlet.DispatcherServlet        : Initializing Servlet 'dispatcherServlet'
2026-04-24T20:10:10.015+06:00  INFO 3040 --- [nio-8080-exec-1] o.s.web.servlet.DispatcherServlet        : Completed initialization in 1 ms
Hibernate: insert into orders (billing_address,created_at,customer_email,customer_name,customer_phone,delivery_number,discount,items,order_id,order_status,payment_method,payment_status,priority,shipping_address,shipping_cost,subtotal,tax,total_amount,tracking_number) values (?,?,?,?,?,?,?,?,?,?,?,?,?,?,?,?,?,?,?)
Hibernate: insert into invoices (billing_address,customer_email,customer_name,discount,due_date,invoice_number,issue_date,notes,order_id,payment_method,payment_status,shipping_cost,subtotal,tax,total_amount) values (?,?,?,?,?,?,?,?,?,?,?,?,?,?,?)
Hibernate: insert into order_items (color,line_total,order_id,product_image,product_name,quantity,size,unit_price) values (?,?,?,?,?,?,?,?)
Hibernate: insert into order_items (color,line_total,order_id,product_image,product_name,quantity,size,unit_price) values (?,?,?,?,?,?,?,?)
Hibernate: select i1_0.id,i1_0.billing_address,i1_0.customer_email,i1_0.customer_name,i1_0.discount,i1_0.due_date,i1_0.invoice_number,i1_0.issue_date,i1_0.notes,i1_0.order_id,i1_0.payment_method,i1_0.payment_status,i1_0.shipping_cost,i1_0.subtotal,i1_0.tax,i1_0.total_amount from invoices i1_0 order by i1_0.id desc
Hibernate: select o1_0.id,o1_0.billing_address,o1_0.created_at,o1_0.customer_email,o1_0.customer_name,o1_0.customer_phone,o1_0.delivery_number,o1_0.discount,o1_0.items,o1_0.order_id,o1_0.order_status,o1_0.payment_method,o1_0.payment_status,o1_0.priority,o1_0.shipping_address,o1_0.shipping_cost,o1_0.subtotal,o1_0.tax,o1_0.total_amount,o1_0.tracking_number from orders o1_0
Hibernate: select i1_0.id,i1_0.billing_address,i1_0.customer_email,i1_0.customer_name,i1_0.discount,i1_0.due_date,i1_0.invoice_number,i1_0.issue_date,i1_0.notes,i1_0.order_id,i1_0.payment_method,i1_0.payment_status,i1_0.shipping_cost,i1_0.subtotal,i1_0.tax,i1_0.total_amount from invoices i1_0 where i1_0.order_id=? order by i1_0.id desc
Hibernate: select i1_0.id,i1_0.billing_address,i1_0.customer_email,i1_0.customer_name,i1_0.discount,i1_0.due_date,i1_0.invoice_number,i1_0.issue_date,i1_0.notes,i1_0.order_id,i1_0.payment_method,i1_0.payment_status,i1_0.shipping_cost,i1_0.subtotal,i1_0.tax,i1_0.total_amount from invoices i1_0 where i1_0.id=?
Hibernate: update invoices set billing_address=?,customer_email=?,customer_name=?,discount=?,due_date=?,invoice_number=?,issue_date=?,notes=?,order_id=?,payment_method=?,payment_status=?,shipping_cost=?,subtotal=?,tax=?,total_amount=? where id=?
Hibernate: select i1_0.id,i1_0.billing_address,i1_0.customer_email,i1_0.customer_name,i1_0.discount,i1_0.due_date,i1_0.invoice_number,i1_0.issue_date,i1_0.notes,i1_0.order_id,i1_0.payment_method,i1_0.payment_status,i1_0.shipping_cost,i1_0.subtotal,i1_0.tax,i1_0.total_amount from invoices i1_0 where i1_0.id=?
Hibernate: delete from invoices where id=?
Hibernate: select i1_0.id,i1_0.billing_address,i1_0.customer_email,i1_0.customer_name,i1_0.discount,i1_0.due_date,i1_0.invoice_number,i1_0.issue_date,i1_0.notes,i1_0.order_id,i1_0.payment_method,i1_0.payment_status,i1_0.shipping_cost,i1_0.subtotal,i1_0.tax,i1_0.total_amount from invoices i1_0 order by i1_0.id desc
Hibernate: select i1_0.id,i1_0.billing_address,i1_0.customer_email,i1_0.customer_name,i1_0.discount,i1_0.due_date,i1_0.invoice_number,i1_0.issue_date,i1_0.notes,i1_0.order_id,i1_0.payment_method,i1_0.payment_status,i1_0.shipping_cost,i1_0.subtotal,i1_0.tax,i1_0.total_amount from invoices i1_0 where i1_0.order_id=? order by i1_0.id desc
Hibernate: select i1_0.id,i1_0.billing_address,i1_0.customer_email,i1_0.customer_name,i1_0.discount,i1_0.due_date,i1_0.invoice_number,i1_0.issue_date,i1_0.notes,i1_0.order_id,i1_0.payment_method,i1_0.payment_status,i1_0.shipping_cost,i1_0.subtotal,i1_0.tax,i1_0.total_amount from invoices i1_0 order by i1_0.id desc
Hibernate: select i1_0.id,i1_0.billing_address,i1_0.customer_email,i1_0.customer_name,i1_0.discount,i1_0.due_date,i1_0.invoice_number,i1_0.issue_date,i1_0.notes,i1_0.order_id,i1_0.payment_method,i1_0.payment_status,i1_0.shipping_cost,i1_0.subtotal,i1_0.tax,i1_0.total_amount from invoices i1_0 order by i1_0.id desc
Hibernate: select i1_0.id,i1_0.billing_address,i1_0.customer_email,i1_0.customer_name,i1_0.discount,i1_0.due_date,i1_0.invoice_number,i1_0.issue_date,i1_0.notes,i1_0.order_id,i1_0.payment_method,i1_0.payment_status,i1_0.shipping_cost,i1_0.subtotal,i1_0.tax,i1_0.total_amount from invoices i1_0 order by i1_0.id desc
Hibernate: select c1_0.id,c1_0.address,c1_0.city,c1_0.country,c1_0.customer_code,c1_0.date_of_birth,c1_0.email,c1_0.full_name,c1_0.gender,c1_0.notes,c1_0.phone,c1_0.registered_at,c1_0.status,c1_0.total_orders,c1_0.total_spend from customers c1_0 order by c1_0.id desc
Hibernate: select c1_0.id,c1_0.address,c1_0.city,c1_0.country,c1_0.customer_code,c1_0.date_of_birth,c1_0.email,c1_0.full_name,c1_0.gender,c1_0.notes,c1_0.phone,c1_0.registered_at,c1_0.status,c1_0.total_orders,c1_0.total_spend from customers c1_0 where c1_0.id=?
Hibernate: select c1_0.id,c1_0.address,c1_0.city,c1_0.country,c1_0.customer_code,c1_0.date_of_birth,c1_0.email,c1_0.full_name,c1_0.gender,c1_0.notes,c1_0.phone,c1_0.registered_at,c1_0.status,c1_0.total_orders,c1_0.total_spend from customers c1_0 where c1_0.id=?
Hibernate: select c1_0.id,c1_0.address,c1_0.city,c1_0.country,c1_0.customer_code,c1_0.date_of_birth,c1_0.email,c1_0.full_name,c1_0.gender,c1_0.notes,c1_0.phone,c1_0.registered_at,c1_0.status,c1_0.total_orders,c1_0.total_spend from customers c1_0 where c1_0.id=?
Hibernate: select c1_0.id,c1_0.address,c1_0.city,c1_0.country,c1_0.customer_code,c1_0.date_of_birth,c1_0.email,c1_0.full_name,c1_0.gender,c1_0.notes,c1_0.phone,c1_0.registered_at,c1_0.status,c1_0.total_orders,c1_0.total_spend from customers c1_0 where c1_0.id=?
Hibernate: select c1_0.id,c1_0.address,c1_0.city,c1_0.country,c1_0.customer_code,c1_0.date_of_birth,c1_0.email,c1_0.full_name,c1_0.gender,c1_0.notes,c1_0.phone,c1_0.registered_at,c1_0.status,c1_0.total_orders,c1_0.total_spend from customers c1_0 where c1_0.id=?
Hibernate: select i1_0.id,i1_0.billing_address,i1_0.customer_email,i1_0.customer_name,i1_0.discount,i1_0.due_date,i1_0.invoice_number,i1_0.issue_date,i1_0.notes,i1_0.order_id,i1_0.payment_method,i1_0.payment_status,i1_0.shipping_cost,i1_0.subtotal,i1_0.tax,i1_0.total_amount from invoices i1_0 order by i1_0.id desc
Hibernate: select i1_0.id,i1_0.billing_address,i1_0.customer_email,i1_0.customer_name,i1_0.discount,i1_0.due_date,i1_0.invoice_number,i1_0.issue_date,i1_0.notes,i1_0.order_id,i1_0.payment_method,i1_0.payment_status,i1_0.shipping_cost,i1_0.subtotal,i1_0.tax,i1_0.total_amount from invoices i1_0 order by i1_0.id desc
Hibernate: select i1_0.id,i1_0.billing_address,i1_0.customer_email,i1_0.customer_name,i1_0.discount,i1_0.due_date,i1_0.invoice_number,i1_0.issue_date,i1_0.notes,i1_0.order_id,i1_0.payment_method,i1_0.payment_status,i1_0.shipping_cost,i1_0.subtotal,i1_0.tax,i1_0.total_amount from invoices i1_0 order by i1_0.id desc
Hibernate: select i1_0.id,i1_0.billing_address,i1_0.customer_email,i1_0.customer_name,i1_0.discount,i1_0.due_date,i1_0.invoice_number,i1_0.issue_date,i1_0.notes,i1_0.order_id,i1_0.payment_method,i1_0.payment_status,i1_0.shipping_cost,i1_0.subtotal,i1_0.tax,i1_0.total_amount from invoices i1_0 order by i1_0.id desc
Hibernate: select i1_0.id,i1_0.billing_address,i1_0.customer_email,i1_0.customer_name,i1_0.discount,i1_0.due_date,i1_0.invoice_number,i1_0.issue_date,i1_0.notes,i1_0.order_id,i1_0.payment_method,i1_0.payment_status,i1_0.shipping_cost,i1_0.subtotal,i1_0.tax,i1_0.total_amount from invoices i1_0 order by i1_0.id desc
Hibernate: select i1_0.id,i1_0.billing_address,i1_0.customer_email,i1_0.customer_name,i1_0.discount,i1_0.due_date,i1_0.invoice_number,i1_0.issue_date,i1_0.notes,i1_0.order_id,i1_0.payment_method,i1_0.payment_status,i1_0.shipping_cost,i1_0.subtotal,i1_0.tax,i1_0.total_amount from invoices i1_0 order by i1_0.id desc
Hibernate: insert into invoices (billing_address,customer_email,customer_name,discount,due_date,invoice_number,issue_date,notes,order_id,payment_method,payment_status,shipping_cost,subtotal,tax,total_amount) values (?,?,?,?,?,?,?,?,?,?,?,?,?,?,?)
Hibernate: select i1_0.id,i1_0.billing_address,i1_0.customer_email,i1_0.customer_name,i1_0.discount,i1_0.due_date,i1_0.invoice_number,i1_0.issue_date,i1_0.notes,i1_0.order_id,i1_0.payment_method,i1_0.payment_status,i1_0.shipping_cost,i1_0.subtotal,i1_0.tax,i1_0.total_amount from invoices i1_0 order by i1_0.id desc
Hibernate: select i1_0.id,i1_0.billing_address,i1_0.customer_email,i1_0.customer_name,i1_0.discount,i1_0.due_date,i1_0.invoice_number,i1_0.issue_date,i1_0.notes,i1_0.order_id,i1_0.payment_method,i1_0.payment_status,i1_0.shipping_cost,i1_0.subtotal,i1_0.tax,i1_0.total_amount from invoices i1_0 where i1_0.id=?
Hibernate: select i1_0.id,i1_0.billing_address,i1_0.customer_email,i1_0.customer_name,i1_0.discount,i1_0.due_date,i1_0.invoice_number,i1_0.issue_date,i1_0.notes,i1_0.order_id,i1_0.payment_method,i1_0.payment_status,i1_0.shipping_cost,i1_0.subtotal,i1_0.tax,i1_0.total_amount from invoices i1_0 order by i1_0.id desc
Hibernate: select i1_0.id,i1_0.billing_address,i1_0.customer_email,i1_0.customer_name,i1_0.discount,i1_0.due_date,i1_0.invoice_number,i1_0.issue_date,i1_0.notes,i1_0.order_id,i1_0.payment_method,i1_0.payment_status,i1_0.shipping_cost,i1_0.subtotal,i1_0.tax,i1_0.total_amount from invoices i1_0 order by i1_0.id desc
[INFO] ------------------------------------------------------------------------
[INFO] BUILD FAILURE
[INFO] ------------------------------------------------------------------------
[INFO] Total time:  26:46 min
[INFO] Finished at: 2026-04-24T20:35:05+06:00
[INFO] ------------------------------------------------------------------------
[ERROR] Failed to execute goal org.springframework.boot:spring-boot-maven-plugin:4.0.5:run (default-cli) on project backend: Process terminated with exit code: 1 -> [Help 1]
[ERROR] 
[ERROR] To see the full stack trace of the errors, re-run Maven with the -e switch.
[ERROR] Re-run Maven using the -X switch to enable full debug logging.
[ERROR] 
[ERROR] For more information about the errors and possible solutions, please read the following articles:
[ERROR] [Help 1] http://cwiki.apache.org/confluence/display/MAVEN/MojoExecutionException
