[INFO] Scanning for projects...
[INFO] 
[INFO] ------------------------< com.styleora:backend >------------------------
[INFO] Building  0.0.1-SNAPSHOT
[INFO]   from pom.xml
[INFO] --------------------------------[ jar ]---------------------------------
[INFO] 
[INFO] >>> spring-boot:4.0.5:run (default-cli) > test-compile @ backend >>>
[INFO] 
[INFO] --- resources:3.3.1:resources (default-resources) @ backend ---
[INFO] Copying 1 resource from src\main\resources to target\classes
[INFO] Copying 0 resource from src\main\resources to target\classes
[INFO] 
[INFO] --- compiler:3.14.1:compile (default-compile) @ backend ---
[INFO] Nothing to compile - all classes are up to date.
[INFO] 
[INFO] --- resources:3.3.1:testResources (default-testResources) @ backend ---
[INFO] skip non existing resourceDirectory F:\MyProjectttttt\backend\src\test\resources
[INFO] 
[INFO] --- compiler:3.14.1:testCompile (default-testCompile) @ backend ---
[INFO] Nothing to compile - all classes are up to date.
[INFO] 
[INFO] <<< spring-boot:4.0.5:run (default-cli) < test-compile @ backend <<<
[INFO] 
[INFO] 
[INFO] --- spring-boot:4.0.5:run (default-cli) @ backend ---
[INFO] Attaching agents: []

  .   ____          _            __ _ _
 /\\ / ___'_ __ _ _(_)_ __  __ _ \ \ \ \
( ( )\___ | '_ | '_| | '_ \/ _` | \ \ \ \
 \\/  ___)| |_)| | | | | || (_| |  ) ) ) )
  '  |____| .__|_| |_|_| |_\__, | / / / /
 =========|_|==============|___/=/_/_/_/

 :: Spring Boot ::                (v4.0.5)

2026-04-24T18:22:50.686+06:00  INFO 21048 --- [           main] com.styleora.BackendApplication          : Starting BackendApplication using Java 17.0.18 with PID 21048 (F:\MyProjectttttt\backend\target\classes started by USER in F:\MyProjectttttt\backend)
2026-04-24T18:22:50.688+06:00  INFO 21048 --- [           main] com.styleora.BackendApplication          : No active profile set, falling back to 1 default profile: "default"
2026-04-24T18:22:51.200+06:00  INFO 21048 --- [           main] .s.d.r.c.RepositoryConfigurationDelegate : Bootstrapping Spring Data JPA repositories in DEFAULT mode.
2026-04-24T18:22:51.232+06:00  INFO 21048 --- [           main] .s.d.r.c.RepositoryConfigurationDelegate : Finished Spring Data repository scanning in 11 ms. Found 0 JPA repository interfaces.
2026-04-24T18:22:51.632+06:00  INFO 21048 --- [           main] o.s.boot.tomcat.TomcatWebServer          : Tomcat initialized with port 8080 (http)
2026-04-24T18:22:51.650+06:00  INFO 21048 --- [           main] o.apache.catalina.core.StandardService   : Starting service [Tomcat]
2026-04-24T18:22:51.650+06:00  INFO 21048 --- [           main] o.apache.catalina.core.StandardEngine    : Starting Servlet engine: [Apache Tomcat/11.0.20]
2026-04-24T18:22:51.691+06:00  INFO 21048 --- [           main] b.w.c.s.WebApplicationContextInitializer : Root WebApplicationContext: initialization completed in 963 ms
2026-04-24T18:22:51.853+06:00  INFO 21048 --- [           main] org.hibernate.orm.jpa                    : HHH008540: Processing PersistenceUnitInfo [name: default]
2026-04-24T18:22:51.900+06:00  INFO 21048 --- [           main] org.hibernate.orm.core                   : HHH000001: Hibernate ORM core version 7.2.7.Final
2026-04-24T18:22:52.222+06:00  INFO 21048 --- [           main] o.s.o.j.p.SpringPersistenceUnitInfo      : No LoadTimeWeaver setup: ignoring JPA class transformer
2026-04-24T18:22:52.250+06:00  INFO 21048 --- [           main] com.zaxxer.hikari.HikariDataSource       : HikariPool-1 - Starting...
2026-04-24T18:22:52.551+06:00  INFO 21048 --- [           main] com.zaxxer.hikari.pool.HikariPool        : HikariPool-1 - Added connection com.mysql.cj.jdbc.ConnectionImpl@6cde0c69
2026-04-24T18:22:52.566+06:00  INFO 21048 --- [           main] com.zaxxer.hikari.HikariDataSource       : HikariPool-1 - Start completed.
2026-04-24T18:22:52.613+06:00  WARN 21048 --- [           main] org.hibernate.orm.deprecation            : HHH90000025: MySQLDialect does not need to be specified explicitly using 'hibernate.dialect' (remove the property setting and it will be selected by default)
2026-04-24T18:22:52.629+06:00  INFO 21048 --- [           main] org.hibernate.orm.connections.pooling    : HHH10001005: Database info:
	Database JDBC URL [jdbc:mysql://localhost:3306/orabackend]
	Database driver: MySQL Connector/J
	Database dialect: MySQLDialect
	Database version: 8.0.45
	Default catalog/schema: orabackend/undefined
	Autocommit mode: undefined/unknown
	Isolation level: REPEATABLE_READ [default REPEATABLE_READ]
	JDBC fetch size: none
	Pool: DataSourceConnectionProvider
	Minimum pool size: undefined/unknown
	Maximum pool size: undefined/unknown
2026-04-24T18:22:53.453+06:00  INFO 21048 --- [           main] org.hibernate.orm.core                   : HHH000489: No JTA platform available (set 'hibernate.transaction.jta.platform' to enable JTA platform integration)
2026-04-24T18:22:53.515+06:00  INFO 21048 --- [           main] j.LocalContainerEntityManagerFactoryBean : Initialized JPA EntityManagerFactory for persistence unit 'default'
2026-04-24T18:22:53.686+06:00  WARN 21048 --- [           main] JpaBaseConfiguration$JpaWebConfiguration : spring.jpa.open-in-view is enabled by default. Therefore, database queries may be performed during view rendering. Explicitly configure spring.jpa.open-in-view to disable this warning
2026-04-24T18:22:53.981+06:00  INFO 21048 --- [           main] o.s.boot.tomcat.TomcatWebServer          : Tomcat started on port 8080 (http) with context path '/'
2026-04-24T18:22:53.987+06:00  INFO 21048 --- [           main] com.styleora.BackendApplication          : Started BackendApplication in 3.677 seconds (process running for 4.037)
2026-04-24T18:23:15.689+06:00  INFO 21048 --- [nio-8080-exec-2] o.a.c.c.C.[Tomcat].[localhost].[/]       : Initializing Spring DispatcherServlet 'dispatcherServlet'
2026-04-24T18:23:15.689+06:00  INFO 21048 --- [nio-8080-exec-2] o.s.web.servlet.DispatcherServlet        : Initializing Servlet 'dispatcherServlet'
2026-04-24T18:23:15.697+06:00  INFO 21048 --- [nio-8080-exec-2] o.s.web.servlet.DispatcherServlet        : Completed initialization in 8 ms
Hibernate: insert into purchase_returns (discount,items,notes,payment_method,purchase_order_id,refund_status,return_date,return_id,return_reason,return_status,subtotal,supplier_email,supplier_name,supplier_phone,tax,total_amount) values (?,?,?,?,?,?,?,?,?,?,?,?,?,?,?,?)
Hibernate: select pr1_0.id,pr1_0.discount,pr1_0.items,pr1_0.notes,pr1_0.payment_method,pr1_0.purchase_order_id,pr1_0.refund_status,pr1_0.return_date,pr1_0.return_id,pr1_0.return_reason,pr1_0.return_status,pr1_0.subtotal,pr1_0.supplier_email,pr1_0.supplier_name,pr1_0.supplier_phone,pr1_0.tax,pr1_0.total_amount from purchase_returns pr1_0 order by pr1_0.id desc
Hibernate: select pr1_0.id,pr1_0.discount,pr1_0.items,pr1_0.notes,pr1_0.payment_method,pr1_0.purchase_order_id,pr1_0.refund_status,pr1_0.return_date,pr1_0.return_id,pr1_0.return_reason,pr1_0.return_status,pr1_0.subtotal,pr1_0.supplier_email,pr1_0.supplier_name,pr1_0.supplier_phone,pr1_0.tax,pr1_0.total_amount from purchase_returns pr1_0 where pr1_0.id=?
Hibernate: update purchase_returns set discount=?,items=?,notes=?,payment_method=?,purchase_order_id=?,refund_status=?,return_date=?,return_id=?,return_reason=?,return_status=?,subtotal=?,supplier_email=?,supplier_name=?,supplier_phone=?,tax=?,total_amount=? where id=?
Hibernate: select pr1_0.id,pr1_0.discount,pr1_0.items,pr1_0.notes,pr1_0.payment_method,pr1_0.purchase_order_id,pr1_0.refund_status,pr1_0.return_date,pr1_0.return_id,pr1_0.return_reason,pr1_0.return_status,pr1_0.subtotal,pr1_0.supplier_email,pr1_0.supplier_name,pr1_0.supplier_phone,pr1_0.tax,pr1_0.total_amount from purchase_returns pr1_0 where pr1_0.id=?
Hibernate: delete from purchase_returns where id=?
Hibernate: select pr1_0.id,pr1_0.discount,pr1_0.items,pr1_0.notes,pr1_0.payment_method,pr1_0.purchase_order_id,pr1_0.refund_status,pr1_0.return_date,pr1_0.return_id,pr1_0.return_reason,pr1_0.return_status,pr1_0.subtotal,pr1_0.supplier_email,pr1_0.supplier_name,pr1_0.supplier_phone,pr1_0.tax,pr1_0.total_amount from purchase_returns pr1_0 order by pr1_0.id desc
Hibernate: insert into purchase_returns (discount,items,notes,payment_method,purchase_order_id,refund_status,return_date,return_id,return_reason,return_status,subtotal,supplier_email,supplier_name,supplier_phone,tax,total_amount) values (?,?,?,?,?,?,?,?,?,?,?,?,?,?,?,?)
Hibernate: select pr1_0.id,pr1_0.discount,pr1_0.items,pr1_0.notes,pr1_0.payment_method,pr1_0.purchase_order_id,pr1_0.refund_status,pr1_0.return_date,pr1_0.return_id,pr1_0.return_reason,pr1_0.return_status,pr1_0.subtotal,pr1_0.supplier_email,pr1_0.supplier_name,pr1_0.supplier_phone,pr1_0.tax,pr1_0.total_amount from purchase_returns pr1_0 order by pr1_0.id desc
Hibernate: select pr1_0.id,pr1_0.discount,pr1_0.items,pr1_0.notes,pr1_0.payment_method,pr1_0.purchase_order_id,pr1_0.refund_status,pr1_0.return_date,pr1_0.return_id,pr1_0.return_reason,pr1_0.return_status,pr1_0.subtotal,pr1_0.supplier_email,pr1_0.supplier_name,pr1_0.supplier_phone,pr1_0.tax,pr1_0.total_amount from purchase_returns pr1_0 where pr1_0.id=?
Hibernate: update purchase_returns set discount=?,items=?,notes=?,payment_method=?,purchase_order_id=?,refund_status=?,return_date=?,return_id=?,return_reason=?,return_status=?,subtotal=?,supplier_email=?,supplier_name=?,supplier_phone=?,tax=?,total_amount=? where id=?
Hibernate: select pr1_0.id,pr1_0.discount,pr1_0.items,pr1_0.notes,pr1_0.payment_method,pr1_0.purchase_order_id,pr1_0.refund_status,pr1_0.return_date,pr1_0.return_id,pr1_0.return_reason,pr1_0.return_status,pr1_0.subtotal,pr1_0.supplier_email,pr1_0.supplier_name,pr1_0.supplier_phone,pr1_0.tax,pr1_0.total_amount from purchase_returns pr1_0 where pr1_0.id=?
Hibernate: delete from purchase_returns where id=?
Hibernate: select pr1_0.id,pr1_0.discount,pr1_0.items,pr1_0.notes,pr1_0.payment_method,pr1_0.purchase_order_id,pr1_0.refund_status,pr1_0.return_date,pr1_0.return_id,pr1_0.return_reason,pr1_0.return_status,pr1_0.subtotal,pr1_0.supplier_email,pr1_0.supplier_name,pr1_0.supplier_phone,pr1_0.tax,pr1_0.total_amount from purchase_returns pr1_0 order by pr1_0.id desc
Hibernate: select pr1_0.id,pr1_0.discount,pr1_0.items,pr1_0.notes,pr1_0.payment_method,pr1_0.purchase_order_id,pr1_0.refund_status,pr1_0.return_date,pr1_0.return_id,pr1_0.return_reason,pr1_0.return_status,pr1_0.subtotal,pr1_0.supplier_email,pr1_0.supplier_name,pr1_0.supplier_phone,pr1_0.tax,pr1_0.total_amount from purchase_returns pr1_0 order by pr1_0.id desc
Hibernate: select pr1_0.id,pr1_0.discount,pr1_0.items,pr1_0.notes,pr1_0.payment_method,pr1_0.purchase_order_id,pr1_0.refund_status,pr1_0.return_date,pr1_0.return_id,pr1_0.return_reason,pr1_0.return_status,pr1_0.subtotal,pr1_0.supplier_email,pr1_0.supplier_name,pr1_0.supplier_phone,pr1_0.tax,pr1_0.total_amount from purchase_returns pr1_0 order by pr1_0.id desc
Hibernate: select pr1_0.id,pr1_0.discount,pr1_0.items,pr1_0.notes,pr1_0.payment_method,pr1_0.purchase_order_id,pr1_0.refund_status,pr1_0.return_date,pr1_0.return_id,pr1_0.return_reason,pr1_0.return_status,pr1_0.subtotal,pr1_0.supplier_email,pr1_0.supplier_name,pr1_0.supplier_phone,pr1_0.tax,pr1_0.total_amount from purchase_returns pr1_0 order by pr1_0.id desc
Hibernate: select pr1_0.id,pr1_0.discount,pr1_0.items,pr1_0.notes,pr1_0.payment_method,pr1_0.purchase_order_id,pr1_0.refund_status,pr1_0.return_date,pr1_0.return_id,pr1_0.return_reason,pr1_0.return_status,pr1_0.subtotal,pr1_0.supplier_email,pr1_0.supplier_name,pr1_0.supplier_phone,pr1_0.tax,pr1_0.total_amount from purchase_returns pr1_0 order by pr1_0.id desc
Hibernate: select pr1_0.id,pr1_0.discount,pr1_0.items,pr1_0.notes,pr1_0.payment_method,pr1_0.purchase_order_id,pr1_0.refund_status,pr1_0.return_date,pr1_0.return_id,pr1_0.return_reason,pr1_0.return_status,pr1_0.subtotal,pr1_0.supplier_email,pr1_0.supplier_name,pr1_0.supplier_phone,pr1_0.tax,pr1_0.total_amount from purchase_returns pr1_0 order by pr1_0.id desc
[INFO] ------------------------------------------------------------------------
[INFO] BUILD FAILURE
[INFO] ------------------------------------------------------------------------
[INFO] Total time:  09:28 min
[INFO] Finished at: 2026-04-24T18:32:16+06:00
[INFO] ------------------------------------------------------------------------
[ERROR] Failed to execute goal org.springframework.boot:spring-boot-maven-plugin:4.0.5:run (default-cli) on project backend: Process terminated with exit code: 1 -> [Help 1]
[ERROR] 
[ERROR] To see the full stack trace of the errors, re-run Maven with the -e switch.
[ERROR] Re-run Maven using the -X switch to enable full debug logging.
[ERROR] 
[ERROR] For more information about the errors and possible solutions, please read the following articles:
[ERROR] [Help 1] http://cwiki.apache.org/confluence/display/MAVEN/MojoExecutionException
