[INFO] Scanning for projects...
[INFO] 
[INFO] ------------------------< com.styleora:backend >------------------------
[INFO] Building  0.0.1-SNAPSHOT
[INFO]   from pom.xml
[INFO] --------------------------------[ jar ]---------------------------------
[INFO] 
[INFO] >>> spring-boot:4.0.5:run (default-cli) > test-compile @ backend >>>
[INFO] 
[INFO] --- resources:3.3.1:resources (default-resources) @ backend ---
[INFO] Copying 1 resource from src\main\resources to target\classes
[INFO] Copying 0 resource from src\main\resources to target\classes
[INFO] 
[INFO] --- compiler:3.14.1:compile (default-compile) @ backend ---
[INFO] Nothing to compile - all classes are up to date.
[INFO] 
[INFO] --- resources:3.3.1:testResources (default-testResources) @ backend ---
[INFO] skip non existing resourceDirectory F:\MyProjectttttt\backend\src\test\resources
[INFO] 
[INFO] --- compiler:3.14.1:testCompile (default-testCompile) @ backend ---
[INFO] Nothing to compile - all classes are up to date.
[INFO] 
[INFO] <<< spring-boot:4.0.5:run (default-cli) < test-compile @ backend <<<
[INFO] 
[INFO] 
[INFO] --- spring-boot:4.0.5:run (default-cli) @ backend ---
[INFO] Attaching agents: []

  .   ____          _            __ _ _
 /\\ / ___'_ __ _ _(_)_ __  __ _ \ \ \ \
( ( )\___ | '_ | '_| | '_ \/ _` | \ \ \ \
 \\/  ___)| |_)| | | | | || (_| |  ) ) ) )
  '  |____| .__|_| |_|_| |_\__, | / / / /
 =========|_|==============|___/=/_/_/_/

 :: Spring Boot ::                (v4.0.5)

2026-04-24T17:32:35.078+06:00  INFO 11620 --- [           main] com.styleora.BackendApplication          : Starting BackendApplication using Java 17.0.18 with PID 11620 (F:\MyProjectttttt\backend\target\classes started by USER in F:\MyProjectttttt\backend)
2026-04-24T17:32:35.080+06:00  INFO 11620 --- [           main] com.styleora.BackendApplication          : No active profile set, falling back to 1 default profile: "default"
2026-04-24T17:32:35.672+06:00  INFO 11620 --- [           main] .s.d.r.c.RepositoryConfigurationDelegate : Bootstrapping Spring Data JPA repositories in DEFAULT mode.
2026-04-24T17:32:35.696+06:00  INFO 11620 --- [           main] .s.d.r.c.RepositoryConfigurationDelegate : Finished Spring Data repository scanning in 11 ms. Found 0 JPA repository interfaces.
2026-04-24T17:32:36.124+06:00  INFO 11620 --- [           main] o.s.boot.tomcat.TomcatWebServer          : Tomcat initialized with port 8080 (http)
2026-04-24T17:32:36.141+06:00  INFO 11620 --- [           main] o.apache.catalina.core.StandardService   : Starting service [Tomcat]
2026-04-24T17:32:36.142+06:00  INFO 11620 --- [           main] o.apache.catalina.core.StandardEngine    : Starting Servlet engine: [Apache Tomcat/11.0.20]
2026-04-24T17:32:36.191+06:00  INFO 11620 --- [           main] b.w.c.s.WebApplicationContextInitializer : Root WebApplicationContext: initialization completed in 1050 ms
2026-04-24T17:32:36.356+06:00  INFO 11620 --- [           main] org.hibernate.orm.jpa                    : HHH008540: Processing PersistenceUnitInfo [name: default]
2026-04-24T17:32:36.401+06:00  INFO 11620 --- [           main] org.hibernate.orm.core                   : HHH000001: Hibernate ORM core version 7.2.7.Final
2026-04-24T17:32:36.751+06:00  INFO 11620 --- [           main] o.s.o.j.p.SpringPersistenceUnitInfo      : No LoadTimeWeaver setup: ignoring JPA class transformer
2026-04-24T17:32:36.789+06:00  INFO 11620 --- [           main] com.zaxxer.hikari.HikariDataSource       : HikariPool-1 - Starting...
2026-04-24T17:32:37.071+06:00  INFO 11620 --- [           main] com.zaxxer.hikari.pool.HikariPool        : HikariPool-1 - Added connection com.mysql.cj.jdbc.ConnectionImpl@4ede035e
2026-04-24T17:32:37.078+06:00  INFO 11620 --- [           main] com.zaxxer.hikari.HikariDataSource       : HikariPool-1 - Start completed.
2026-04-24T17:32:37.125+06:00  WARN 11620 --- [           main] org.hibernate.orm.deprecation            : HHH90000025: MySQLDialect does not need to be specified explicitly using 'hibernate.dialect' (remove the property setting and it will be selected by default)
2026-04-24T17:32:37.141+06:00  INFO 11620 --- [           main] org.hibernate.orm.connections.pooling    : HHH10001005: Database info:
	Database JDBC URL [jdbc:mysql://localhost:3306/orabackend]
	Database driver: MySQL Connector/J
	Database dialect: MySQLDialect
	Database version: 8.0.45
	Default catalog/schema: orabackend/undefined
	Autocommit mode: undefined/unknown
	Isolation level: REPEATABLE_READ [default REPEATABLE_READ]
	JDBC fetch size: none
	Pool: DataSourceConnectionProvider
	Minimum pool size: undefined/unknown
	Maximum pool size: undefined/unknown
2026-04-24T17:32:38.035+06:00  INFO 11620 --- [           main] org.hibernate.orm.core                   : HHH000489: No JTA platform available (set 'hibernate.transaction.jta.platform' to enable JTA platform integration)
2026-04-24T17:32:38.124+06:00  INFO 11620 --- [           main] j.LocalContainerEntityManagerFactoryBean : Initialized JPA EntityManagerFactory for persistence unit 'default'
2026-04-24T17:32:38.303+06:00  WARN 11620 --- [           main] JpaBaseConfiguration$JpaWebConfiguration : spring.jpa.open-in-view is enabled by default. Therefore, database queries may be performed during view rendering. Explicitly configure spring.jpa.open-in-view to disable this warning
2026-04-24T17:32:38.633+06:00  INFO 11620 --- [           main] o.s.boot.tomcat.TomcatWebServer          : Tomcat started on port 8080 (http) with context path '/'
2026-04-24T17:32:38.643+06:00  INFO 11620 --- [           main] com.styleora.BackendApplication          : Started BackendApplication in 4.001 seconds (process running for 4.373)
2026-04-24T17:33:04.203+06:00  INFO 11620 --- [nio-8080-exec-1] o.a.c.c.C.[Tomcat].[localhost].[/]       : Initializing Spring DispatcherServlet 'dispatcherServlet'
2026-04-24T17:33:04.208+06:00  INFO 11620 --- [nio-8080-exec-1] o.s.web.servlet.DispatcherServlet        : Initializing Servlet 'dispatcherServlet'
2026-04-24T17:33:04.210+06:00  INFO 11620 --- [nio-8080-exec-1] o.s.web.servlet.DispatcherServlet        : Completed initialization in 2 ms
Hibernate: insert into purchase_orders (discount,due_amount,expected_delivery_date,items,notes,order_date,order_status,paid_amount,payment_method,payment_status,purchase_order_id,shipping_cost,subtotal,supplier_address,supplier_email,supplier_name,supplier_phone,tax,total_amount) values (?,?,?,?,?,?,?,?,?,?,?,?,?,?,?,?,?,?,?)
Hibernate: select po1_0.id,po1_0.discount,po1_0.due_amount,po1_0.expected_delivery_date,po1_0.items,po1_0.notes,po1_0.order_date,po1_0.order_status,po1_0.paid_amount,po1_0.payment_method,po1_0.payment_status,po1_0.purchase_order_id,po1_0.shipping_cost,po1_0.subtotal,po1_0.supplier_address,po1_0.supplier_email,po1_0.supplier_name,po1_0.supplier_phone,po1_0.tax,po1_0.total_amount from purchase_orders po1_0 order by po1_0.id desc
Hibernate: select po1_0.id,po1_0.discount,po1_0.due_amount,po1_0.expected_delivery_date,po1_0.items,po1_0.notes,po1_0.order_date,po1_0.order_status,po1_0.paid_amount,po1_0.payment_method,po1_0.payment_status,po1_0.purchase_order_id,po1_0.shipping_cost,po1_0.subtotal,po1_0.supplier_address,po1_0.supplier_email,po1_0.supplier_name,po1_0.supplier_phone,po1_0.tax,po1_0.total_amount from purchase_orders po1_0 where po1_0.id=?
Hibernate: update purchase_orders set discount=?,due_amount=?,expected_delivery_date=?,items=?,notes=?,order_date=?,order_status=?,paid_amount=?,payment_method=?,payment_status=?,purchase_order_id=?,shipping_cost=?,subtotal=?,supplier_address=?,supplier_email=?,supplier_name=?,supplier_phone=?,tax=?,total_amount=? where id=?
Hibernate: select po1_0.id,po1_0.discount,po1_0.due_amount,po1_0.expected_delivery_date,po1_0.items,po1_0.notes,po1_0.order_date,po1_0.order_status,po1_0.paid_amount,po1_0.payment_method,po1_0.payment_status,po1_0.purchase_order_id,po1_0.shipping_cost,po1_0.subtotal,po1_0.supplier_address,po1_0.supplier_email,po1_0.supplier_name,po1_0.supplier_phone,po1_0.tax,po1_0.total_amount from purchase_orders po1_0 where po1_0.id=?
Hibernate: delete from purchase_orders where id=?
Hibernate: select po1_0.id,po1_0.discount,po1_0.due_amount,po1_0.expected_delivery_date,po1_0.items,po1_0.notes,po1_0.order_date,po1_0.order_status,po1_0.paid_amount,po1_0.payment_method,po1_0.payment_status,po1_0.purchase_order_id,po1_0.shipping_cost,po1_0.subtotal,po1_0.supplier_address,po1_0.supplier_email,po1_0.supplier_name,po1_0.supplier_phone,po1_0.tax,po1_0.total_amount from purchase_orders po1_0 order by po1_0.id desc
Hibernate: select p1_0.id,p1_0.discount,p1_0.due_amount,p1_0.items,p1_0.notes,p1_0.order_by,p1_0.paid_amount,p1_0.payment_method,p1_0.payment_status,p1_0.purchase_date,p1_0.purchase_id,p1_0.purchase_status,p1_0.shipping_cost,p1_0.subtotal,p1_0.supplier_address,p1_0.supplier_email,p1_0.supplier_phone,p1_0.tax,p1_0.total from purchases p1_0 order by p1_0.id desc
Hibernate: select po1_0.id,po1_0.discount,po1_0.due_amount,po1_0.expected_delivery_date,po1_0.items,po1_0.notes,po1_0.order_date,po1_0.order_status,po1_0.paid_amount,po1_0.payment_method,po1_0.payment_status,po1_0.purchase_order_id,po1_0.shipping_cost,po1_0.subtotal,po1_0.supplier_address,po1_0.supplier_email,po1_0.supplier_name,po1_0.supplier_phone,po1_0.tax,po1_0.total_amount from purchase_orders po1_0 order by po1_0.id desc
Hibernate: select po1_0.id,po1_0.discount,po1_0.due_amount,po1_0.expected_delivery_date,po1_0.items,po1_0.notes,po1_0.order_date,po1_0.order_status,po1_0.paid_amount,po1_0.payment_method,po1_0.payment_status,po1_0.purchase_order_id,po1_0.shipping_cost,po1_0.subtotal,po1_0.supplier_address,po1_0.supplier_email,po1_0.supplier_name,po1_0.supplier_phone,po1_0.tax,po1_0.total_amount from purchase_orders po1_0 order by po1_0.id desc
Hibernate: select p1_0.id,p1_0.discount,p1_0.due_amount,p1_0.items,p1_0.notes,p1_0.order_by,p1_0.paid_amount,p1_0.payment_method,p1_0.payment_status,p1_0.purchase_date,p1_0.purchase_id,p1_0.purchase_status,p1_0.shipping_cost,p1_0.subtotal,p1_0.supplier_address,p1_0.supplier_email,p1_0.supplier_phone,p1_0.tax,p1_0.total from purchases p1_0 order by p1_0.id desc
Hibernate: select po1_0.id,po1_0.discount,po1_0.due_amount,po1_0.expected_delivery_date,po1_0.items,po1_0.notes,po1_0.order_date,po1_0.order_status,po1_0.paid_amount,po1_0.payment_method,po1_0.payment_status,po1_0.purchase_order_id,po1_0.shipping_cost,po1_0.subtotal,po1_0.supplier_address,po1_0.supplier_email,po1_0.supplier_name,po1_0.supplier_phone,po1_0.tax,po1_0.total_amount from purchase_orders po1_0 order by po1_0.id desc
Hibernate: select po1_0.id,po1_0.discount,po1_0.due_amount,po1_0.expected_delivery_date,po1_0.items,po1_0.notes,po1_0.order_date,po1_0.order_status,po1_0.paid_amount,po1_0.payment_method,po1_0.payment_status,po1_0.purchase_order_id,po1_0.shipping_cost,po1_0.subtotal,po1_0.supplier_address,po1_0.supplier_email,po1_0.supplier_name,po1_0.supplier_phone,po1_0.tax,po1_0.total_amount from purchase_orders po1_0 order by po1_0.id desc
Hibernate: select p1_0.id,p1_0.discount,p1_0.due_amount,p1_0.items,p1_0.notes,p1_0.order_by,p1_0.paid_amount,p1_0.payment_method,p1_0.payment_status,p1_0.purchase_date,p1_0.purchase_id,p1_0.purchase_status,p1_0.shipping_cost,p1_0.subtotal,p1_0.supplier_address,p1_0.supplier_email,p1_0.supplier_phone,p1_0.tax,p1_0.total from purchases p1_0 order by p1_0.id desc
Hibernate: select po1_0.id,po1_0.discount,po1_0.due_amount,po1_0.expected_delivery_date,po1_0.items,po1_0.notes,po1_0.order_date,po1_0.order_status,po1_0.paid_amount,po1_0.payment_method,po1_0.payment_status,po1_0.purchase_order_id,po1_0.shipping_cost,po1_0.subtotal,po1_0.supplier_address,po1_0.supplier_email,po1_0.supplier_name,po1_0.supplier_phone,po1_0.tax,po1_0.total_amount from purchase_orders po1_0 order by po1_0.id desc
Hibernate: select po1_0.id,po1_0.discount,po1_0.due_amount,po1_0.expected_delivery_date,po1_0.items,po1_0.notes,po1_0.order_date,po1_0.order_status,po1_0.paid_amount,po1_0.payment_method,po1_0.payment_status,po1_0.purchase_order_id,po1_0.shipping_cost,po1_0.subtotal,po1_0.supplier_address,po1_0.supplier_email,po1_0.supplier_name,po1_0.supplier_phone,po1_0.tax,po1_0.total_amount from purchase_orders po1_0 order by po1_0.id desc
