[INFO] Scanning for projects...
[INFO] 
[INFO] ------------------------< com.styleora:backend >------------------------
[INFO] Building  0.0.1-SNAPSHOT
[INFO]   from pom.xml
[INFO] --------------------------------[ jar ]---------------------------------
[INFO] 
[INFO] >>> spring-boot:4.0.5:run (default-cli) > test-compile @ backend >>>
[INFO] 
[INFO] --- resources:3.3.1:resources (default-resources) @ backend ---
[INFO] Copying 1 resource from src\main\resources to target\classes
[INFO] Copying 0 resource from src\main\resources to target\classes
[INFO] 
[INFO] --- compiler:3.14.1:compile (default-compile) @ backend ---
[INFO] Nothing to compile - all classes are up to date.
[INFO] 
[INFO] --- resources:3.3.1:testResources (default-testResources) @ backend ---
[INFO] skip non existing resourceDirectory F:\MyProjectttttt\backend\src\test\resources
[INFO] 
[INFO] --- compiler:3.14.1:testCompile (default-testCompile) @ backend ---
[INFO] Nothing to compile - all classes are up to date.
[INFO] 
[INFO] <<< spring-boot:4.0.5:run (default-cli) < test-compile @ backend <<<
[INFO] 
[INFO] 
[INFO] --- spring-boot:4.0.5:run (default-cli) @ backend ---
[INFO] Attaching agents: []

  .   ____          _            __ _ _
 /\\ / ___'_ __ _ _(_)_ __  __ _ \ \ \ \
( ( )\___ | '_ | '_| | '_ \/ _` | \ \ \ \
 \\/  ___)| |_)| | | | | || (_| |  ) ) ) )
  '  |____| .__|_| |_|_| |_\__, | / / / /
 =========|_|==============|___/=/_/_/_/

 :: Spring Boot ::                (v4.0.5)

2026-04-24T22:51:57.710+06:00  INFO 6044 --- [           main] com.styleora.BackendApplication          : Starting BackendApplication using Java 17.0.18 with PID 6044 (F:\MyProjectttttt\backend\target\classes started by USER in F:\MyProjectttttt\backend)
2026-04-24T22:51:57.719+06:00  INFO 6044 --- [           main] com.styleora.BackendApplication          : No active profile set, falling back to 1 default profile: "default"
2026-04-24T22:51:58.307+06:00  INFO 6044 --- [           main] .s.d.r.c.RepositoryConfigurationDelegate : Bootstrapping Spring Data JPA repositories in DEFAULT mode.
2026-04-24T22:51:58.323+06:00  INFO 6044 --- [           main] .s.d.r.c.RepositoryConfigurationDelegate : Finished Spring Data repository scanning in 15 ms. Found 0 JPA repository interfaces.
2026-04-24T22:51:58.752+06:00  INFO 6044 --- [           main] o.s.boot.tomcat.TomcatWebServer          : Tomcat initialized with port 8080 (http)
2026-04-24T22:51:58.767+06:00  INFO 6044 --- [           main] o.apache.catalina.core.StandardService   : Starting service [Tomcat]
2026-04-24T22:51:58.767+06:00  INFO 6044 --- [           main] o.apache.catalina.core.StandardEngine    : Starting Servlet engine: [Apache Tomcat/11.0.20]
2026-04-24T22:51:58.815+06:00  INFO 6044 --- [           main] b.w.c.s.WebApplicationContextInitializer : Root WebApplicationContext: initialization completed in 1058 ms
2026-04-24T22:51:58.967+06:00  INFO 6044 --- [           main] org.hibernate.orm.jpa                    : HHH008540: Processing PersistenceUnitInfo [name: default]
2026-04-24T22:51:59.012+06:00  INFO 6044 --- [           main] org.hibernate.orm.core                   : HHH000001: Hibernate ORM core version 7.2.7.Final
2026-04-24T22:51:59.332+06:00  INFO 6044 --- [           main] o.s.o.j.p.SpringPersistenceUnitInfo      : No LoadTimeWeaver setup: ignoring JPA class transformer
2026-04-24T22:51:59.372+06:00  INFO 6044 --- [           main] com.zaxxer.hikari.HikariDataSource       : HikariPool-1 - Starting...
2026-04-24T22:51:59.625+06:00  INFO 6044 --- [           main] com.zaxxer.hikari.pool.HikariPool        : HikariPool-1 - Added connection com.mysql.cj.jdbc.ConnectionImpl@2b974137
2026-04-24T22:51:59.631+06:00  INFO 6044 --- [           main] com.zaxxer.hikari.HikariDataSource       : HikariPool-1 - Start completed.
2026-04-24T22:51:59.666+06:00  WARN 6044 --- [           main] org.hibernate.orm.deprecation            : HHH90000025: MySQLDialect does not need to be specified explicitly using 'hibernate.dialect' (remove the property setting and it will be selected by default)
2026-04-24T22:51:59.682+06:00  INFO 6044 --- [           main] org.hibernate.orm.connections.pooling    : HHH10001005: Database info:
	Database JDBC URL [jdbc:mysql://localhost:3306/orabackend]
	Database driver: MySQL Connector/J
	Database dialect: MySQLDialect
	Database version: 8.0.45
	Default catalog/schema: orabackend/undefined
	Autocommit mode: undefined/unknown
	Isolation level: REPEATABLE_READ [default REPEATABLE_READ]
	JDBC fetch size: none
	Pool: DataSourceConnectionProvider
	Minimum pool size: undefined/unknown
	Maximum pool size: undefined/unknown
2026-04-24T22:52:00.613+06:00  INFO 6044 --- [           main] org.hibernate.orm.core                   : HHH000489: No JTA platform available (set 'hibernate.transaction.jta.platform' to enable JTA platform integration)
2026-04-24T22:52:00.700+06:00  INFO 6044 --- [           main] j.LocalContainerEntityManagerFactoryBean : Initialized JPA EntityManagerFactory for persistence unit 'default'
2026-04-24T22:52:00.921+06:00  WARN 6044 --- [           main] JpaBaseConfiguration$JpaWebConfiguration : spring.jpa.open-in-view is enabled by default. Therefore, database queries may be performed during view rendering. Explicitly configure spring.jpa.open-in-view to disable this warning
2026-04-24T22:52:01.201+06:00  INFO 6044 --- [           main] o.s.boot.tomcat.TomcatWebServer          : Tomcat started on port 8080 (http) with context path '/'
2026-04-24T22:52:01.217+06:00  INFO 6044 --- [           main] com.styleora.BackendApplication          : Started BackendApplication in 3.915 seconds (process running for 4.251)
2026-04-24T22:52:14.258+06:00  INFO 6044 --- [nio-8080-exec-2] o.a.c.c.C.[Tomcat].[localhost].[/]       : Initializing Spring DispatcherServlet 'dispatcherServlet'
2026-04-24T22:52:14.258+06:00  INFO 6044 --- [nio-8080-exec-2] o.s.web.servlet.DispatcherServlet        : Initializing Servlet 'dispatcherServlet'
2026-04-24T22:52:14.265+06:00  INFO 6044 --- [nio-8080-exec-2] o.s.web.servlet.DispatcherServlet        : Completed initialization in 0 ms
Hibernate: select count(o1_0.id) from orders o1_0
Hibernate: select coalesce(sum(o1_0.total_amount),0) from orders o1_0
Hibernate: select count(c1_0.id) from customers c1_0
Hibernate: select count(p1_0.id) from products p1_0
Hibernate: select count(p1_0.id) from payments p1_0
Hibernate: select count(o1_0.id) from orders o1_0 where lower(coalesce(o1_0.order_status,'')) like '%pending%' escape ''
Hibernate: select count(p1_0.id) from payments p1_0 where lower(coalesce(p1_0.payment_status,'')) like '%pending%' escape ''
Hibernate: select count(o1_0.id) from orders o1_0
Hibernate: select coalesce(sum(o1_0.total_amount),0) from orders o1_0
Hibernate: select count(c1_0.id) from customers c1_0
Hibernate: select count(p1_0.id) from products p1_0
Hibernate: select count(p1_0.id) from payments p1_0
Hibernate: select count(o1_0.id) from orders o1_0 where lower(coalesce(o1_0.order_status,'')) like '%pending%' escape ''
Hibernate: select count(p1_0.id) from payments p1_0 where lower(coalesce(p1_0.payment_status,'')) like '%pending%' escape ''
Hibernate: select date_format(o1_0.created_at,'%Y-%m'),coalesce(sum(o1_0.total_amount),0) from orders o1_0 where o1_0.created_at is not null group by date_format(o1_0.created_at,'%Y-%m') order by date_format(o1_0.created_at,'%Y-%m')
Hibernate: select date_format(o1_0.created_at,'%Y-%m'),count(o1_0.id) from orders o1_0 where o1_0.created_at is not null group by date_format(o1_0.created_at,'%Y-%m') order by date_format(o1_0.created_at,'%Y-%m')
Hibernate: select oi1_0.product_name,coalesce(sum(oi1_0.quantity),0) from order_items oi1_0 where oi1_0.product_name is not null and trim(BOTH from oi1_0.product_name)<>'' group by oi1_0.product_name order by coalesce(sum(oi1_0.quantity),0) desc limit ?
Hibernate: select o1_0.customer_name,count(o1_0.id) from orders o1_0 where o1_0.customer_name is not null and trim(BOTH from o1_0.customer_name)<>'' group by o1_0.customer_name order by count(o1_0.id) desc limit ?
[INFO] ------------------------------------------------------------------------
[INFO] BUILD FAILURE
[INFO] ------------------------------------------------------------------------
[INFO] Total time:  01:26 min
[INFO] Finished at: 2026-04-24T22:53:21+06:00
[INFO] ------------------------------------------------------------------------
[ERROR] Failed to execute goal org.springframework.boot:spring-boot-maven-plugin:4.0.5:run (default-cli) on project backend: Process terminated with exit code: -1 -> [Help 1]
[ERROR] 
[ERROR] To see the full stack trace of the errors, re-run Maven with the -e switch.
[ERROR] Re-run Maven using the -X switch to enable full debug logging.
[ERROR] 
[ERROR] For more information about the errors and possible solutions, please read the following articles:
[ERROR] [Help 1] http://cwiki.apache.org/confluence/display/MAVEN/MojoExecutionException
